eeschema (2013-07-07 BZR 4022)-stable  >> Creation date: 24/07/2013 21:44:46
#Cmp ( order = Reference )
| C1         4.7uf       
| C2         47uf        
| C3         22uf        
| C4         22uf        
| C5         .1uf        
| C6         .1uf        
| C7         .1uf        
| C8         47nf        
| C9         47nf        
| C10        1nf         
| C11        47nf        
| C12        .1uf        
| C13        10uf        
| C14        .1uf        
| C15        .1uf        
| C16        .1uf        
| C17        .1uf        
| C18        .1uf        
| C19        22uf        
| C20        22uf        
| C21        .1uf        
| C22        .1uf        
| C23        .1uf        
| C24        47nf        
| C25        47nf        
| C26        1nf         
| C27        47nf        
| C28        0.008uf     
| C29        0.08uf      
| FB1        FILTER      
| FB2        FILTER      
| FB3        FILTER      
| FB4        FILTER      
| FB5        FILTER      
| FB6        FILTER      
| J1         CONN_15     
| J2         VHDCI       
| J3         CONN_15     
| R1         75          
| R2         75          
| R3         75          
| R4         76.8k       
| R5         147k        
| R6         2.2K        
| R7         2.2K        
| R8         76.8k       
| R9         147k        
| R10        75          
| R11        75          
| R12        75          
| R13        1k          
| R14        1.5K        
| R15        10K         
| R16        10K         
| R17        1K          
| R18        1K          
| U1         ADP3334     
| U2         ADP3303-3V3 
| U3         ADP3334     
| U4         AD9984      
#End Cmp

#Cmp ( order = Value )
| 1nf          C10       
| 1nf          C26       
| 0.008uf      C28       
| 47nf         C8        
| 47nf         C9        
| 47nf         C11       
| 47nf         C24       
| 47nf         C25       
| 47nf         C27       
| 0.08uf       C29       
| 4.7uf        C1        
| 10uf         C13       
| 22uf         C3        
| 22uf         C4        
| 22uf         C19       
| 22uf         C20       
| 47uf         C2        
| .1uf         C5        
| .1uf         C6        
| .1uf         C7        
| .1uf         C12       
| .1uf         C14       
| .1uf         C15       
| .1uf         C16       
| .1uf         C17       
| .1uf         C18       
| .1uf         C21       
| .1uf         C22       
| .1uf         C23       
| FILTER       FB1       
| FILTER       FB2       
| FILTER       FB3       
| FILTER       FB4       
| FILTER       FB5       
| FILTER       FB6       
| CONN_15      J1        
| CONN_15      J3        
| VHDCI        J2        
| 75           R1        
| 75           R2        
| 75           R3        
| 75           R10       
| 75           R11       
| 75           R12       
| 1k           R13       
| 1K           R17       
| 1K           R18       
| 1.5K         R14       
| 2.2K         R6        
| 2.2K         R7        
| 10K          R15       
| 10K          R16       
| 76.8k        R4        
| 76.8k        R8        
| 147k         R5        
| 147k         R9        
| ADP3334      U1        
| ADP3303-3V3  U2        
| ADP3334      U3        
| AD9984       U4        
#End Cmp

#End List
