eeschema (2013-07-07 BZR 4022)-stable  >> Creation date: 01/08/2014 10:14:58 AM
#Cmp ( order = Reference )
| C2         0.1uf       
| C3         0.1uf       
| C4         0.1uf       
| C5         0.1uf       
| C6         47nf        
| C8         47nf        
| C9         1nf         
| C12        47nf        
| C14        10nf        
| C15        8.2nf       
| C16        82nf        
| C17        0.1uf       
| C18        0.1uf       
| C19        0.1uf       
| C21        0.1uf       
| C22        0.1uf       
| C23        0.1uf       
| C24        0.1uf       
| C25        0.1uf       
| Cp1        47uf        
| Cp2        22uf        
| Cp3        22uf        
| Cp4        4.7uf       
| Cp5        22uf        
| Cp6        22uf        
| FB4        FILTER      
| FB5        FILTER      
| FB6        FILTER      
| J1         DE-15       
| J2         DE-15       
| J3         VHDCI       
| P5         CONN_1      
| P6         CONN_1      
| P7         CONN_6      
| R1         2.2K        
| R2         75          
| R3         2.2K        
| R4         75          
| R5         2.2K        
| R6         75          
| R7         1K          
| R8         1.5K        
| R9         10K         
| R10        10K         
| R11        1K          
| R12        1K          
| R13        76.8K       
| R14        R147K       
| R15        2.2K        
| R16        2.2K        
| R17        76.8K       
| R18        147K        
| R23        2.2K        
| R24        4.7K        
| R25        4.7K        
| R26        4.7K        
| R27        4.7K        
| TP1        TESTPOINT   
| TP2        TESTPOINT   
| TP3        TESTPOINT   
| TP4        TESTPOINT   
| TP5        TESTPOINT   
| TP6        TESTPOINT   
| TP7        TESTPOINT   
| TP8        TESTPOINT   
| TP9        TESTPOINT   
| TP10       TESTPOINT   
| TP11       TESTPOINT   
| TP12       TESTPOINT   
| TP13       TESTPOINT   
| U1         ADP3303-3V3 
| U2         ADP3334     
| U3         AD9984      
| U4         ADP3334     
| U5         24AA014     
| U6         TCA9617A    
| U7         TCA9617A    
#End Cmp

#Cmp ( order = Value )
| 1nf          C9        
| 8.2nf        C15       
| 10nf         C14       
| 47nf         C6        
| 47nf         C8        
| 47nf         C12       
| 82nf         C16       
| 0.1uf        C2        
| 0.1uf        C3        
| 0.1uf        C4        
| 0.1uf        C5        
| 0.1uf        C17       
| 0.1uf        C18       
| 0.1uf        C19       
| 0.1uf        C21       
| 0.1uf        C22       
| 0.1uf        C23       
| 0.1uf        C24       
| 0.1uf        C25       
| 4.7uf        Cp4       
| 22uf         Cp2       
| 22uf         Cp3       
| 22uf         Cp5       
| 22uf         Cp6       
| 47uf         Cp1       
| FILTER       FB4       
| FILTER       FB5       
| FILTER       FB6       
| DE-15        J1        
| DE-15        J2        
| VHDCI        J3        
| CONN_1       P5        
| CONN_1       P6        
| CONN_6       P7        
| 75           R2        
| 75           R4        
| 75           R6        
| 1K           R7        
| 1K           R11       
| 1K           R12       
| 1.5K         R8        
| 2.2K         R1        
| 2.2K         R3        
| 2.2K         R5        
| 2.2K         R15       
| 2.2K         R16       
| 2.2K         R23       
| 4.7K         R24       
| 4.7K         R25       
| 4.7K         R26       
| 4.7K         R27       
| 10K          R9        
| 10K          R10       
| 76.8K        R13       
| 76.8K        R17       
| 147K         R18       
| R147K        R14       
| TESTPOINT    TP1       
| TESTPOINT    TP2       
| TESTPOINT    TP3       
| TESTPOINT    TP4       
| TESTPOINT    TP5       
| TESTPOINT    TP6       
| TESTPOINT    TP7       
| TESTPOINT    TP8       
| TESTPOINT    TP9       
| TESTPOINT    TP10      
| TESTPOINT    TP11      
| TESTPOINT    TP12      
| TESTPOINT    TP13      
| TCA9617A     U6        
| TCA9617A     U7        
| ADP3303-3V3  U1        
| ADP3334      U2        
| AD9984       U3        
| ADP3334      U4        
| 24AA014      U5        
#End Cmp

#End List
